[2025-10-16T11:28:10.160+0000] {taskinstance.py:1956} INFO - Dependencies all met for dep_context=non-requeueable deps ti=<TaskInstance: daily_code_update.update_region_name manual__2025-10-16T11:28:08.358665+00:00 [queued]>
[2025-10-16T11:28:10.166+0000] {taskinstance.py:1956} INFO - Dependencies all met for dep_context=requeueable deps ti=<TaskInstance: daily_code_update.update_region_name manual__2025-10-16T11:28:08.358665+00:00 [queued]>
[2025-10-16T11:28:10.176+0000] {taskinstance.py:2170} INFO - Starting attempt 1 of 2
[2025-10-16T11:28:10.194+0000] {taskinstance.py:2191} INFO - Executing <Task(PythonOperator): update_region_name> on 2025-10-16 11:28:08.358665+00:00
[2025-10-16T11:28:10.198+0000] {standard_task_runner.py:60} INFO - Started process 254 to run task
[2025-10-16T11:28:10.201+0000] {standard_task_runner.py:87} INFO - Running: ['airflow', 'tasks', 'run', 'daily_code_update', 'update_region_name', 'manual__2025-10-16T11:28:08.358665+00:00', '--job-id', '11', '--raw', '--subdir', 'DAGS_FOLDER/code_update_dag.py', '--cfg-path', '/tmp/tmpdiq1orom']
[2025-10-16T11:28:10.203+0000] {standard_task_runner.py:88} INFO - Job 11: Subtask update_region_name
[2025-10-16T11:28:10.259+0000] {task_command.py:423} INFO - Running <TaskInstance: daily_code_update.update_region_name manual__2025-10-16T11:28:08.358665+00:00 [running]> on host bf9f223133c9
[2025-10-16T11:28:10.315+0000] {taskinstance.py:2480} INFO - Exporting env vars: AIRFLOW_CTX_DAG_OWNER='navisafe' AIRFLOW_CTX_DAG_ID='daily_code_update' AIRFLOW_CTX_TASK_ID='update_region_name' AIRFLOW_CTX_EXECUTION_DATE='2025-10-16T11:28:08.358665+00:00' AIRFLOW_CTX_TRY_NUMBER='1' AIRFLOW_CTX_DAG_RUN_ID='manual__2025-10-16T11:28:08.358665+00:00'
[2025-10-16T11:28:10.316+0000] {logging_mixin.py:188} INFO - [INFO] update_region_code_name 실행 시작
[2025-10-16T11:28:10.694+0000] {logging_mixin.py:188} INFO - [ERROR] MySQL 저장 실패: 1146 (42S02): Table 'toy_project.REGION_CD' doesn't exist
[2025-10-16T11:28:10.695+0000] {logging_mixin.py:188} INFO - [ERROR] update_region_code_name 실패: 1146 (42S02): Table 'toy_project.REGION_CD' doesn't exist
[2025-10-16T11:28:10.695+0000] {taskinstance.py:2698} ERROR - Task failed with exception
Traceback (most recent call last):
  File "/home/airflow/.local/lib/python3.8/site-packages/mysql/connector/connection_cext.py", line 535, in cmd_query
    self._cmysql.query(query,
_mysql_connector.MySQLInterfaceError: Table 'toy_project.REGION_CD' doesn't exist

During handling of the above exception, another exception occurred:

Traceback (most recent call last):
  File "/home/airflow/.local/lib/python3.8/site-packages/airflow/models/taskinstance.py", line 433, in _execute_task
    result = execute_callable(context=context, **execute_callable_kwargs)
  File "/home/airflow/.local/lib/python3.8/site-packages/airflow/operators/python.py", line 199, in execute
    return_value = self.execute_callable()
  File "/home/airflow/.local/lib/python3.8/site-packages/airflow/operators/python.py", line 216, in execute_callable
    return self.python_callable(*self.op_args, **self.op_kwargs)
  File "/opt/airflow/plugins/airflow_utils/region_name.py", line 72, in update_region_code_name
    raise e
  File "/opt/airflow/plugins/airflow_utils/region_name.py", line 68, in update_region_code_name
    save_regioninfo_to_mysql(regions)
  File "/opt/airflow/plugins/airflow_utils/region_name.py", line 45, in save_regioninfo_to_mysql
    cursor.execute("""
  File "/home/airflow/.local/lib/python3.8/site-packages/mysql/connector/cursor_cext.py", line 269, in execute
    result = self._cnx.cmd_query(stmt, raw=self._raw,
  File "/home/airflow/.local/lib/python3.8/site-packages/mysql/connector/connection_cext.py", line 540, in cmd_query
    raise errors.get_mysql_exception(exc.errno, msg=exc.msg,
mysql.connector.errors.ProgrammingError: 1146 (42S02): Table 'toy_project.REGION_CD' doesn't exist
[2025-10-16T11:28:10.703+0000] {taskinstance.py:1138} INFO - Marking task as UP_FOR_RETRY. dag_id=daily_code_update, task_id=update_region_name, execution_date=20251016T112808, start_date=20251016T112810, end_date=20251016T112810
[2025-10-16T11:28:10.718+0000] {standard_task_runner.py:107} ERROR - Failed to execute job 11 for task update_region_name (1146 (42S02): Table 'toy_project.REGION_CD' doesn't exist; 254)
[2025-10-16T11:28:10.734+0000] {local_task_job_runner.py:234} INFO - Task exited with return code 1
[2025-10-16T11:28:10.744+0000] {taskinstance.py:3280} INFO - 0 downstream tasks scheduled from follow-on schedule check
