[2025-10-16T10:54:02.529+0000] {taskinstance.py:1956} INFO - Dependencies all met for dep_context=non-requeueable deps ti=<TaskInstance: daily_code_update.update_region_name scheduled__2025-10-13T15:00:00+00:00 [queued]>
[2025-10-16T10:54:02.538+0000] {taskinstance.py:1956} INFO - Dependencies all met for dep_context=requeueable deps ti=<TaskInstance: daily_code_update.update_region_name scheduled__2025-10-13T15:00:00+00:00 [queued]>
[2025-10-16T10:54:02.539+0000] {taskinstance.py:2170} INFO - Starting attempt 1 of 2
[2025-10-16T10:54:02.557+0000] {taskinstance.py:2191} INFO - Executing <Task(PythonOperator): update_region_name> on 2025-10-13 15:00:00+00:00
[2025-10-16T10:54:02.561+0000] {standard_task_runner.py:60} INFO - Started process 188 to run task
[2025-10-16T10:54:02.565+0000] {standard_task_runner.py:87} INFO - Running: ['airflow', 'tasks', 'run', 'daily_code_update', 'update_region_name', 'scheduled__2025-10-13T15:00:00+00:00', '--job-id', '2', '--raw', '--subdir', 'DAGS_FOLDER/code_update_dag.py', '--cfg-path', '/tmp/tmpgkiu_2kd']
[2025-10-16T10:54:02.567+0000] {standard_task_runner.py:88} INFO - Job 2: Subtask update_region_name
[2025-10-16T10:54:02.645+0000] {task_command.py:423} INFO - Running <TaskInstance: daily_code_update.update_region_name scheduled__2025-10-13T15:00:00+00:00 [running]> on host c8969fdcf46c
[2025-10-16T10:54:02.727+0000] {taskinstance.py:2480} INFO - Exporting env vars: AIRFLOW_CTX_DAG_OWNER='navisafe' AIRFLOW_CTX_DAG_ID='daily_code_update' AIRFLOW_CTX_TASK_ID='update_region_name' AIRFLOW_CTX_EXECUTION_DATE='2025-10-13T15:00:00+00:00' AIRFLOW_CTX_TRY_NUMBER='1' AIRFLOW_CTX_DAG_RUN_ID='scheduled__2025-10-13T15:00:00+00:00'
[2025-10-16T10:54:02.728+0000] {logging_mixin.py:188} INFO - [INFO] update_region_code_name 실행 시작
[2025-10-16T10:54:03.297+0000] {logging_mixin.py:188} INFO - [WARN] 가져온 데이터가 없습니다.
[2025-10-16T10:54:03.297+0000] {python.py:201} INFO - Done. Returned value was: None
[2025-10-16T10:54:03.303+0000] {taskinstance.py:1138} INFO - Marking task as SUCCESS. dag_id=daily_code_update, task_id=update_region_name, execution_date=20251013T150000, start_date=20251016T105402, end_date=20251016T105403
[2025-10-16T10:54:03.340+0000] {local_task_job_runner.py:234} INFO - Task exited with return code 0
[2025-10-16T10:54:03.353+0000] {taskinstance.py:3280} INFO - 0 downstream tasks scheduled from follow-on schedule check
[2025-10-16T11:22:24.546+0000] {taskinstance.py:1956} INFO - Dependencies all met for dep_context=non-requeueable deps ti=<TaskInstance: daily_code_update.update_region_name scheduled__2025-10-13T15:00:00+00:00 [queued]>
[2025-10-16T11:22:24.555+0000] {taskinstance.py:1956} INFO - Dependencies all met for dep_context=requeueable deps ti=<TaskInstance: daily_code_update.update_region_name scheduled__2025-10-13T15:00:00+00:00 [queued]>
[2025-10-16T11:22:24.556+0000] {taskinstance.py:2170} INFO - Starting attempt 1 of 2
[2025-10-16T11:22:24.583+0000] {taskinstance.py:2191} INFO - Executing <Task(PythonOperator): update_region_name> on 2025-10-13 15:00:00+00:00
[2025-10-16T11:22:24.588+0000] {standard_task_runner.py:60} INFO - Started process 190 to run task
[2025-10-16T11:22:24.592+0000] {standard_task_runner.py:87} INFO - Running: ['airflow', 'tasks', 'run', 'daily_code_update', 'update_region_name', 'scheduled__2025-10-13T15:00:00+00:00', '--job-id', '6', '--raw', '--subdir', 'DAGS_FOLDER/code_update_dag.py', '--cfg-path', '/tmp/tmprfmz0kh3']
[2025-10-16T11:22:24.594+0000] {standard_task_runner.py:88} INFO - Job 6: Subtask update_region_name
[2025-10-16T11:22:24.662+0000] {task_command.py:423} INFO - Running <TaskInstance: daily_code_update.update_region_name scheduled__2025-10-13T15:00:00+00:00 [running]> on host bf9f223133c9
[2025-10-16T11:22:24.741+0000] {taskinstance.py:2480} INFO - Exporting env vars: AIRFLOW_CTX_DAG_OWNER='navisafe' AIRFLOW_CTX_DAG_ID='daily_code_update' AIRFLOW_CTX_TASK_ID='update_region_name' AIRFLOW_CTX_EXECUTION_DATE='2025-10-13T15:00:00+00:00' AIRFLOW_CTX_TRY_NUMBER='1' AIRFLOW_CTX_DAG_RUN_ID='scheduled__2025-10-13T15:00:00+00:00'
[2025-10-16T11:22:24.744+0000] {logging_mixin.py:188} INFO - [INFO] update_region_code_name 실행 시작
[2025-10-16T11:22:25.212+0000] {logging_mixin.py:188} INFO - [ERROR] MySQL 저장 실패: 1146 (42S02): Table 'toy_project.REGION_CD' doesn't exist
[2025-10-16T11:22:25.213+0000] {logging_mixin.py:188} INFO - [ERROR] update_region_code_name 실패: 1146 (42S02): Table 'toy_project.REGION_CD' doesn't exist
[2025-10-16T11:22:25.213+0000] {taskinstance.py:2698} ERROR - Task failed with exception
Traceback (most recent call last):
  File "/home/airflow/.local/lib/python3.8/site-packages/mysql/connector/connection_cext.py", line 535, in cmd_query
    self._cmysql.query(query,
_mysql_connector.MySQLInterfaceError: Table 'toy_project.REGION_CD' doesn't exist

During handling of the above exception, another exception occurred:

Traceback (most recent call last):
  File "/home/airflow/.local/lib/python3.8/site-packages/airflow/models/taskinstance.py", line 433, in _execute_task
    result = execute_callable(context=context, **execute_callable_kwargs)
  File "/home/airflow/.local/lib/python3.8/site-packages/airflow/operators/python.py", line 199, in execute
    return_value = self.execute_callable()
  File "/home/airflow/.local/lib/python3.8/site-packages/airflow/operators/python.py", line 216, in execute_callable
    return self.python_callable(*self.op_args, **self.op_kwargs)
  File "/opt/airflow/plugins/airflow_utils/region_name.py", line 72, in update_region_code_name
    raise e
  File "/opt/airflow/plugins/airflow_utils/region_name.py", line 68, in update_region_code_name
    save_regioninfo_to_mysql(regions)
  File "/opt/airflow/plugins/airflow_utils/region_name.py", line 45, in save_regioninfo_to_mysql
    cursor.execute("""
  File "/home/airflow/.local/lib/python3.8/site-packages/mysql/connector/cursor_cext.py", line 269, in execute
    result = self._cnx.cmd_query(stmt, raw=self._raw,
  File "/home/airflow/.local/lib/python3.8/site-packages/mysql/connector/connection_cext.py", line 540, in cmd_query
    raise errors.get_mysql_exception(exc.errno, msg=exc.msg,
mysql.connector.errors.ProgrammingError: 1146 (42S02): Table 'toy_project.REGION_CD' doesn't exist
[2025-10-16T11:22:25.226+0000] {taskinstance.py:1138} INFO - Marking task as UP_FOR_RETRY. dag_id=daily_code_update, task_id=update_region_name, execution_date=20251013T150000, start_date=20251016T112224, end_date=20251016T112225
[2025-10-16T11:22:25.245+0000] {standard_task_runner.py:107} ERROR - Failed to execute job 6 for task update_region_name (1146 (42S02): Table 'toy_project.REGION_CD' doesn't exist; 190)
[2025-10-16T11:22:25.288+0000] {local_task_job_runner.py:234} INFO - Task exited with return code 1
[2025-10-16T11:22:25.299+0000] {taskinstance.py:3280} INFO - 0 downstream tasks scheduled from follow-on schedule check
